[frontendmatters.org/quicky/light-skin/index.html]
[backblue.gif]
[fade.gif]
[index.html]
[frontendmatters.org/quicky/apple-touch-icon.png]
[frontendmatters.org/quicky/favicon-32x32.png]
[frontendmatters.org/quicky/favicon-16x16.png]
[frontendmatters.org/quicky/assets/webfonts/inter/inter.css]
[frontendmatters.org/quicky/light-skin/chat-1.html]
[frontendmatters.org/quicky/assets/media/avatar/2.png]
[frontendmatters.org/quicky/assets/css/app.min.css]
[frontendmatters.org/quicky/light-skin/chat-2.html]
[frontendmatters.org/quicky/assets/media/avatar/3.png]
[frontendmatters.org/quicky/assets/media/avatar/4.png]
[frontendmatters.org/quicky/assets/media/avatar/5.png]
[frontendmatters.org/quicky/assets/media/avatar/6.png]
[frontendmatters.org/quicky/assets/media/avatar/7.png]
[frontendmatters.org/quicky/assets/media/avatar/8.png]
[frontendmatters.org/quicky/assets/media/avatar/1.png]
[frontendmatters.org/quicky/assets/vendors/svg-inject/svg-inject.min.js]
[frontendmatters.org/quicky/assets/vendors/magnific-popup/jquery.magnific-popup.min.js]
[frontendmatters.org/quicky/assets/vendors/modal-stepes/modal-steps.min.js]
[frontendmatters.org/quicky/light-skin/index.html]
[frontendmatters.org/quicky/assets/js/app.js]
[frontendmatters.org/quicky/assets/vendors/bootstrap/bootstrap.bundle.min.js]
[frontendmatters.org/quicky/assets/vendors/jquery/jquery-3.5.0.min.js]
[frontendmatters.org/quicky/assets/webfonts/inter/fonts/inter-light.woff2]
[frontendmatters.org/quicky/assets/webfonts/inter/fonts/inter-light.woff]
[frontendmatters.org/quicky/assets/webfonts/inter/fonts/inter-regular.woff2]
[frontendmatters.org/quicky/assets/webfonts/inter/fonts/inter-regular.woff]
[frontendmatters.org/quicky/assets/webfonts/inter/fonts/inter-medium.woff2]
[frontendmatters.org/quicky/assets/webfonts/inter/fonts/inter-medium.woff]
[frontendmatters.org/quicky/assets/webfonts/inter/fonts/inter-semibold.woff2]
[frontendmatters.org/quicky/assets/webfonts/inter/fonts/inter-semibold.woff]
[frontendmatters.org/quicky/assets/webfonts/inter/fonts/inter-bold.woff2]
[frontendmatters.org/quicky/assets/webfonts/inter/fonts/inter-bold.woff]
[frontendmatters.org/quicky/assets/webfonts/inter/inter.css]
[frontendmatters.org/quicky/assets/vendors/magnific-popup/default-skin.png]
[frontendmatters.org/quicky/assets/media/controls-light.png]
[frontendmatters.org/quicky/assets/css/app.min.css]
[frontendmatters.org/quicky/assets/media/shared-photos/01.jpg]
[frontendmatters.org/quicky/assets/media/shared-photos/02.jpg]
[frontendmatters.org/quicky/assets/media/shared-photos/03.jpg]
[frontendmatters.org/quicky/assets/vendors/emojione/emojionearea.min.js]
[frontendmatters.org/quicky/light-skin/chat-1.html]
[frontendmatters.org/quicky/light-skin/chat-2.html]
